// Jest Snapshot v1, https://goo.gl/fbAQLP

exports[`<LayoutShell /> errors if invalid \`sideBar\` is passed 1`] = `
"Warning: Failed prop type: Invalid prop \`sideBar\` of type \`string\` supplied to \`LayoutShell\`, expected a single ReactElement.
    in LayoutShell"
`;
