// Jest Snapshot v1, https://goo.gl/fbAQLP

exports[`<Cell /> renders center 1`] = `
<td
  className="cell_center_12to336"
>
  Center
</td>
`;

exports[`<Cell /> renders left 1`] = `
<td
  className="cell_left_e4x16a"
>
  Left
</td>
`;

exports[`<Cell /> renders right 1`] = `
<td
  className="cell_right_140n9qh"
>
  Right
</td>
`;

exports[`<Cell /> renders truncate 1`] = `
<td
  className="cell_truncate_1sgzp64"
>
  Truncate
</td>
`;
