// Jest Snapshot v1, https://goo.gl/fbAQLP

exports[`<TableRow /> statuses renders row 1`] = `
<tr
  className="row_notice_1323hkr"
>
  notice
</tr>
`;

exports[`<TableRow /> statuses renders row 2`] = `
<tr
  className="row_info_21yo5l"
>
  info
</tr>
`;

exports[`<TableRow /> statuses renders row 3`] = `
<tr
  className="row_success_j3f2a1"
>
  success
</tr>
`;

exports[`<TableRow /> statuses renders row 4`] = `
<tr
  className="row_warning_163x47i"
>
  warning
</tr>
`;

exports[`<TableRow /> statuses renders row 5`] = `
<tr
  className="row_danger_1rufz3y"
>
  danger
</tr>
`;

exports[`<TableRow /> statuses renders row 6`] = `
<tr
  className="row_muted_3q7dl1"
>
  muted
</tr>
`;
