// Jest Snapshot v1, https://goo.gl/fbAQLP

exports[`<FieldAffix /> renders compact 1`] = `
<div
  className="affix_t14f0p-o_O-affix_compact_ym0g6v-o_O-affix_after_h7uxoa"
>
  Child
</div>
`;
