// Jest Snapshot v1, https://goo.gl/fbAQLP

exports[`<Accordion /> renders bordered 1`] = `
<div
  className="container_1ytewkj-o_O-container_bordered_w9a1au"
  role="tablist"
>
  <AccordionItem
    bordered={true}
    expanded={true}
    id="0-0"
    index={0}
    key=".0"
    onClick={[Function]}
    title="Label"
  />
</div>
`;
