// Jest Snapshot v1, https://goo.gl/fbAQLP

exports[`<DangerButton /> renders a primary button 1`] = `
<ButtonOrLink
  aria-busy={false}
  className="button_1aptcl0-o_O-button_regular_un5ukp"
>
  Button
</ButtonOrLink>
`;
