// Jest Snapshot v1, https://goo.gl/fbAQLP

exports[`<Divider /> renders a divider 1`] = `
<Spacing
  bottom={2}
  top={2}
>
  <div
    className="divider_bi7c4v"
  />
</Spacing>
`;
