// Jest Snapshot v1, https://goo.gl/fbAQLP

exports[`<ResponsiveImage /> with a shimmer prop renders the image with state={ imageLoaded: true } 1`] = `
<img
  alt="bar"
  className="image_9yfome-o_O-inline-0_2z4ibo"
  height="auto"
  src="foo"
  width="100%"
/>
`;

exports[`<ResponsiveImage /> with a shimmer prop renders the shimmer component while the image is loading 1`] = `
<Shimmer
  block={true}
/>
`;

exports[`<ResponsiveImage /> without a shimmer prop renders the image element while the image is loading 1`] = `
<img
  alt="bar"
  className="image_9yfome-o_O-inline-0_2z4ibo"
  height="auto"
  src="foo"
  width="100%"
/>
`;

exports[`<ResponsiveImage /> without a shimmer prop renders the image element with state={ imageLoaded: true } 1`] = `
<img
  alt="bar"
  className="image_9yfome-o_O-inline-0_2z4ibo"
  height="auto"
  src="foo"
  width="100%"
/>
`;
