// Jest Snapshot v1, https://goo.gl/fbAQLP

exports[`<SecondaryLink /> renders a secondary link 1`] = `
<Text
  baseline={false}
  bold={false}
  inline={true}
  large={false}
  small={false}
>
  <ButtonOrLink
    className="link_ebyk5g"
  >
    Link
  </ButtonOrLink>
</Text>
`;
