// Jest Snapshot v1, https://goo.gl/fbAQLP

exports[`<Tabs/> errors if a tab does not have a \`key\` 1`] = `"Tab components require a unique \`key\`."`;

exports[`<Tabs/> errors if non-tab children are passed 1`] = `
"Warning: Failed prop type: \`Tabs\` only accepts children of type withStyles(Tab)
    in Tabs"
`;

exports[`<Tabs/> it renders a stretched nav 1`] = `
<div>
  <nav
    className="nav_1x0pvrr"
    role="tablist"
  >
    <Tab
      borderless={false}
      key=".$a"
      keyName="a"
      label="One"
      onClick={[Function]}
      selected={true}
      stretched={true}
    />
    <Tab
      borderless={false}
      key=".$b"
      keyName="b"
      label="Two"
      onClick={[Function]}
      selected={false}
      stretched={true}
    />
    <Tab
      borderless={false}
      key=".$c"
      keyName="c"
      label="Three"
      onClick={[Function]}
      selected={false}
      stretched={true}
    />
  </nav>
</div>
`;
