// Jest Snapshot v1, https://goo.gl/fbAQLP

exports[`<Title /> renders inline 1`] = `
<h1
  className="title_gfa0uf-o_O-title_level1_17a30zo-o_O-title_inline_g86r3e"
>
  Inline
</h1>
`;

exports[`<Title /> renders inverted 1`] = `
<h1
  className="title_gfa0uf-o_O-title_level1_17a30zo-o_O-title_inverted_bd4m75"
>
  Inverted
</h1>
`;

exports[`<Title /> renders level 1 1`] = `
<h1
  className="title_gfa0uf-o_O-title_level1_17a30zo"
>
  Title
</h1>
`;

exports[`<Title /> renders level 2 1`] = `
<h2
  className="title_gfa0uf-o_O-title_level2_1aurm9a"
>
  Title
</h2>
`;

exports[`<Title /> renders level 3 1`] = `
<h3
  className="title_gfa0uf-o_O-title_level3_1vnvwgc"
>
  Title
</h3>
`;

exports[`<Title /> renders muted 1`] = `
<h1
  className="title_gfa0uf-o_O-title_level1_17a30zo-o_O-title_muted_10k87om"
>
  Muted
</h1>
`;
