// Jest Snapshot v1, https://goo.gl/fbAQLP

exports[`<MenuRow /> renders spacious 1`] = `
<li
  role="none"
>
  <div
    className="item_rr6y3q-o_O-item_spacious_1x0fg6n"
  >
    Foo
  </div>
</li>
`;
